// Jest Snapshot v1, https://goo.gl/fbAQLP

exports[`Viget component render correctly 1`] = `
<div>
  <button
    onClick={[Function]}
  >
    -
  </button>
  <input
    max={10}
    min={0}
    onBlur={[Function]}
    onChange={[Function]}
    onFocus={[Function]}
    type="number"
    value={2}
  />
  <button
    onClick={[Function]}
  >
    +
  </button>
</div>
`;
